[dasta.in/index.html]
[backblue.gif]
[fade.gif]
[index.html]
[dasta.in/wp-content/themes/dasta/favicon.ico]
[dasta.in/wp-content/themes/dasta/stylesheets/app2dac.css]
[dasta.in/wp-content/themes/dasta/stylesheets/watertable.css]
[dasta.in/wp-content/themes/dasta/stylesheets/cd-carousel.css]
[dasta.in/wp-content/themes/dasta/bower_components/modernizr/modernizr.js]
[dasta.in/wp-content/plugins/wordpress-social-login/assets/css/style6959.css]
[dasta.in/xmlrpc0db0.php]
[dasta.in/wp-includes/wlwmanifest.xml]
[dasta.in/wp-json/index.html]
[dasta.in/wp-json/oembed/1.0/embedb6c2.json]
[dasta.in/wp-json/oembed/1.0/embed4d98]
[use.typekit.net/reb5sdy.css]
[dasta.in/wp-content/themes/dasta/images/icons/home.png]
[dasta.in/wp-content/themes/dasta/images/dasta-logo.png]
[dasta.in/wp-content/themes/dasta/images/data-logo-dark.png]
[dasta.in/about/index.html]
[dasta.in/category/construction-update/index.html]
[dasta.in/wp-content/themes/dasta/images/spacer.gif]
[dasta.in/wp-content/themes/dasta/images/v2/photograph-badge.png]
[dasta.in/pricing/index.html]
[dasta.in/the-apartment/index.html]
[dasta.in/wp-content/themes/dasta/images/icons/moon-off.png]
[dasta.in/wp-content/themes/dasta/images/icons/moon-on.png]
[dasta.in/wp-content/themes/dasta/images/icons/sun-off.png]
[dasta.in/wp-content/themes/dasta/images/icons/sun-on.png]
[dasta.in/wp-content/themes/dasta/images/icons/facebook-light.png]
[dasta.in/wp-content/themes/dasta/images/icons/twitter-light.png]
[dasta.in/wp-content/themes/dasta/images/icons/google-light.png]
[dasta.in/wp-content/themes/dasta/images/icons/aesthetic.png]
[dasta.in/wp-content/themes/dasta/images/icons/secure.png]
[dasta.in/wp-content/themes/dasta/images/icons/maintenance.png]
[dasta.in/wp-content/themes/dasta/assets/Dasta_Concerto_eBrochure.pdf]
[dasta.in/wp-content/themes/dasta/images/water/icons/Header/Odourless recycled water.png]
[dasta.in/wp-content/themes/dasta/images/water/icons/Header/Flush not recycled.png]
[dasta.in/wp-content/themes/dasta/images/water/icons/Header/Certified.png]
[dasta.in/wp-content/themes/dasta/images/water/icons/Header/Savings.png]
[dasta.in/wp-content/themes/dasta/images/water/water-standard-lineanimation-6699cc-once.gif]
[dasta.in/wp-content/themes/dasta/images/water/icons/Standard/No-softening-plant.png]
[dasta.in/wp-content/themes/dasta/images/water/icons/Standard/No-Reverse-Osmosis-Plant.png]
[dasta.in/wp-content/themes/dasta/images/water/icons/Standard/Drinking water.png]
[dasta.in/wp-content/themes/dasta/images/water/icons/Standard/Swimming pool.png]
[dasta.in/wp-content/themes/dasta/images/water/icons/Standard/Kitchen.png]
[dasta.in/wp-content/themes/dasta/images/water/icons/Standard/Shower.png]
[dasta.in/wp-content/themes/dasta/images/water/icons/Standard/Car-wash.png]
[dasta.in/wp-content/themes/dasta/images/water/icons/Standard/Landscaping.png]
[dasta.in/wp-content/themes/dasta/images/water/icons/Standard/Toilet.png]
[dasta.in/wp-content/themes/dasta/images/water/icons/Standard/No-recycling-plant.png]
[dasta.in/wp-content/themes/dasta/images/water/water-Dasta-lineanimation-6699cc-once.gif]
[dasta.in/wp-content/themes/dasta/images/water/icons/Dasta/Softening-plant.png]
[dasta.in/wp-content/themes/dasta/images/water/icons/Dasta/Reverse-Osmosis-Plant.png]
[dasta.in/wp-content/themes/dasta/images/water/icons/Dasta/Drinking water.png]
[dasta.in/wp-content/themes/dasta/images/water/icons/Dasta/Swimming pool.png]
[dasta.in/wp-content/themes/dasta/images/water/icons/Dasta/Kitchen.png]
[dasta.in/wp-content/themes/dasta/images/water/icons/Dasta/Shower.png]
[dasta.in/wp-content/themes/dasta/images/water/icons/Dasta/Car-wash.png]
[dasta.in/wp-content/themes/dasta/images/water/icons/Dasta/Landscaping.png]
[dasta.in/wp-content/themes/dasta/images/water/icons/Dasta/Toilet.png]
[dasta.in/wp-content/themes/dasta/images/water/icons/Dasta/Recycling-Plant.png]
[dasta.in/wp-content/themes/dasta/images/icons/facebook.png]
[dasta.in/faqs-about-water-management/index.html]
[dasta.in/wp-content/themes/dasta/images/icons/twitter.png]
[dasta.in/wp-content/themes/dasta/images/icons/google.png]
[dasta.in/wp-content/themes/dasta/images/building/vastu.jpg]
[res.cloudinary.com/dasta/image/upload/carousel/img-1.jpg]
[res.cloudinary.com/dasta/image/upload/carousel/img-2.jpg]
[res.cloudinary.com/dasta/image/upload/carousel/img-3.jpg]
[res.cloudinary.com/dasta/image/upload/carousel/img-4.jpg]
[res.cloudinary.com/dasta/image/upload/carousel/img-5.jpg]
[res.cloudinary.com/dasta/image/upload/carousel/img-6.jpg]
[dasta.in/wp-content/themes/dasta/images/icons/tv.png]
[dasta.in/wp-content/themes/dasta/images/icons/bank-hdfc-on.png]
[dasta.in/wp-content/themes/dasta/images/icons/bank-hdfc.png]
[dasta.in/wp-content/themes/dasta/images/icons/bank-icici-on.png]
[dasta.in/wp-content/themes/dasta/images/icons/bank-icici.png]
[dasta.in/wp-content/themes/dasta/images/icons/bank-png-on.png]
[dasta.in/wp-content/themes/dasta/images/icons/bank-png.png]
[dasta.in/wp-content/themes/dasta/images/icons/bank-axis-on.png]
[dasta.in/wp-content/themes/dasta/images/icons/bank-axis.png]
[dasta.in/wp-content/themes/dasta/images/icons/bank-sbi-on.png]
[dasta.in/wp-content/themes/dasta/images/icons/bank-sbi.png]
[dasta.in/wp-content/themes/dasta/images/icons/lic-housing-on.png]
[dasta.in/wp-content/themes/dasta/images/icons/lic-housing.png]
[dasta.in/wp-content/themes/dasta/images/icons/bank-idbi-on.png]
[dasta.in/wp-content/themes/dasta/images/icons/bank-idbi.png]
[dasta.in/wp-content/themes/dasta/js/utilf8f9.js]
[dasta.in/wp-content/themes/dasta/js/app.basics070f.js]
[dasta.in/wp-content/themes/dasta/js/vendor/jQuery-v2.1.0.min3860.js]
[dasta.in/wp-content/themes/dasta/js/vendor/foundation-v5.2.0.min__jquery-easing.min6fa9.js]
[dasta.in/wp-content/themes/dasta/js/app.mind8ee.js]
[dasta.in/wp-content/themes/dasta/js/global-eventseae9.js]
[dasta.in/wp-content/themes/dasta/js/watertable.js]
[dasta.in/wp-content/themes/dasta/js/subtle-loginaa52.js]
[dasta.in/wp-content/themes/dasta/js/home-visit-form2ae0.js]
[dasta.in/wp-content/themes/dasta/js/cd-carousel.js]
[dasta.in/wp-includes/js/wp-embed.min6959.js]
[dasta.in/wp-content/themes/dasta/js/nf_lightbox.js]
[dasta.in/index.html]
[cwc.livserv.in/chat974f.js]
[s.w.org/index.html]
[dasta.in/wp-json/oembed/1.0/embedac28.json]
[dasta.in/about/feed/index.html]
[dasta.in/wp-json/oembed/1.0/embed3dee]
[dasta.in/wp-content/themes/dasta/images/about/about-hero.jpg]
[dasta.in/wp-content/themes/dasta/images/about/north-avenue-hero.jpg]
[dasta.in/wp-content/themes/dasta/images/icons/ontime.png]
[dasta.in/wp-content/themes/dasta/images/icons/storey.png]
[dasta.in/wp-content/themes/dasta/images/icons/lotsofamenities.png]
[dasta.in/wp-content/themes/dasta/images/about/north-avenue-1.jpg]
[dasta.in/wp-content/themes/dasta/images/about/north-avenue-2.jpg]
[dasta.in/wp-content/themes/dasta/images/about/north-avenue-5.jpg]
[dasta.in/wp-content/themes/dasta/images/about/north-avenue-3.jpg]
[dasta.in/wp-content/themes/dasta/images/about/north-avenue-4.jpg]
[dasta.in/about/index.html]
[dasta.in/wp-content/uploads/2017/08/Featured_Image-456x456.jpg]
[dasta.in/category/construction-update/page/2/index.html]
[dasta.in/wp-content/uploads/2017/07/Featured_Image-1-456x456.jpg]
[dasta.in/wp-content/uploads/2017/05/Featured_Image-456x456.jpg]
[dasta.in/wp-content/uploads/2017/04/Featured_Image-456x456.jpg]
[dasta.in/wp-content/uploads/2017/03/Featured_Image-456x456.jpg]
[dasta.in/category/construction-update/feed/index.html]
[dasta.in/wp-content/uploads/2017/02/Featured_Image-456x456.jpg]
[dasta.in/wp-content/uploads/2017/01/Dasta_Pan_January_2017-456x456.jpg]
[dasta.in/august-2017-report/index.html]
[dasta.in/wp-content/uploads/2016/11/Dasta_Pan_November_2016-456x456.jpg]
[dasta.in/july-2017-report/index.html]
[dasta.in/wp-content/uploads/2016/10/Dasta_Pan_oct_01-1-456x456.jpg]
[dasta.in/may-2017-report/index.html]
[dasta.in/wp-content/uploads/2016/09/Dasta_Pan_September-17-456x456.jpg]
[dasta.in/category/construction-update/index.html]
[dasta.in/april-2017-report/index.html]
[dasta.in/march-2017-report/index.html]
[dasta.in/wp-json/oembed/1.0/embedc35e.json]
[dasta.in/february-2017-report/index.html]
[dasta.in/wp-json/oembed/1.0/embed66fe]
[dasta.in/november-2016-report/index.html]
[dasta.in/january-2017-report/index.html]
[dasta.in/wp-content/themes/dasta/images/icons/family4.png]
[dasta.in/september-2016-report/index.html]
[dasta.in/october-2016-report/index.html]
[dasta.in/category/construction-update/page/3/index.html]
[dasta.in/wp-content/themes/dasta/images/apartment/plans/North-3BHK-tagged.jpg]
[dasta.in/wp-content/themes/dasta/images/apartment/plans/North-3bhk.jpg]
[dasta.in/wp-content/themes/dasta/images/apartment/plans/East-3BHK-tagged.jpg]
[dasta.in/wp-content/themes/dasta/images/apartment/plans/East-3bhk.jpg]
[dasta.in/wp-content/themes/dasta/images/icons/family3.png]
[dasta.in/wp-content/themes/dasta/images/apartment/plans/North-2BHK-tagged.jpg]
[dasta.in/wp-content/themes/dasta/images/apartment/plans/North-2bhk.jpg]
[dasta.in/wp-content/themes/dasta/images/apartment/plans/East-2BHK-tagged.jpg]
[dasta.in/wp-content/themes/dasta/images/apartment/plans/East-2bhk.jpg]
[dasta.in/wp-content/themes/dasta/images/icons/family2.png]
[dasta.in/wp-content/themes/dasta/images/apartment/plans/Studio-tagged.jpg]
[dasta.in/wp-content/themes/dasta/images/apartment/plans/Studio.jpg]
[dasta.in/wp-content/themes/dasta/images/apartment/unified-3bhk.jpg]
[dasta.in/wp-content/themes/dasta/images/apartment/unified-2bhk.jpg]
[dasta.in/wp-content/themes/dasta/images/apartment/unified-3bhk-spine.png]
[dasta.in/wp-content/themes/dasta/images/apartment/unified-2bhk-spine.png]
[dasta.in/wp-content/themes/dasta/images/apartment/unified-3bhk-space.png]
[dasta.in/wp-content/themes/dasta/images/apartment/unified-2bhk-space.png]
[dasta.in/wp-content/themes/dasta/images/apartment/unified-3bhk-vastu.png]
[dasta.in/wp-content/themes/dasta/images/apartment/unified-2bhk-vastu.png]
[dasta.in/wp-content/themes/dasta/images/apartment/2bhk-ground-floor.jpg]
[dasta.in/wp-content/themes/dasta/images/apartment/2bhk-typical-floor.jpg]
[dasta.in/wp-content/themes/dasta/images/apartment/2bhk-penthouse.jpg]
[dasta.in/wp-content/themes/dasta/images/apartment/model_apt_collage.jpg]
[dasta.in/wp-content/themes/dasta/images/apartment/a02-night.jpg]
[dasta.in/get-a-feel-of-the-apartment/index.html]
[dasta.in/wp-content/themes/dasta/images/v2/apartment/a02-day.jpg]
[dasta.in/wp-content/themes/dasta/images/icons/sink-icon.png]
[dasta.in/wp-content/themes/dasta/images/icons/cabinet-icon.png]
[dasta.in/wp-content/themes/dasta/images/icons/nocharge-icon.png]
[dasta.in/wp-content/themes/dasta/images/apartment/ventilator.jpg]
[dasta.in/wp-content/themes/dasta/images/apartment/3rd-bedroom-open.jpg]
[dasta.in/wp-content/themes/dasta/images/apartment/3rd-bedroom-half.jpg]
[dasta.in/wp-content/themes/dasta/images/apartment/3rd-bedroom-closed.jpg]
[dasta.in/engineering/index87ac.html]
[dasta.in/wp-content/themes/dasta/images/apartment/3rd-bedroom-wall.jpg]
[dasta.in/wp-content/themes/dasta/images/apartment/swap-one.jpg]
[dasta.in/wp-content/themes/dasta/images/apartment/swap-empty.jpg]
[dasta.in/wp-content/themes/dasta/images/apartment/swap-two.jpg]
[dasta.in/wp-content/themes/dasta/images/apartment/multi-kitchen.jpg]
[dasta.in/wp-content/themes/dasta/images/apartment/multi-pooja.jpg]
[dasta.in/wp-content/themes/dasta/images/apartment/multi-store.jpg]
[dasta.in/the-apartment/index.html]
[dasta.in/wp-content/themes/dasta/stylesheets/4_helper.css]
[dasta.in/wp-content/themes/dasta/stylesheets/pricing-1.css]
[dasta.in/wp-content/themes/dasta/stylesheets/pricing-2c470.css]
[dasta.in/wp-json/oembed/1.0/embed7416.json]
[dasta.in/pricing/feed/index.html]
[dasta.in/wp-json/oembed/1.0/embed53ad]
[dasta.in/wp-content/themes/dasta/images/icons/pricing_search.png]
[dasta.in/wp-content/themes/dasta/images/icons/pricing_app.png]
[dasta.in/wp-content/themes/dasta/images/icons/pricing_email.png]
[dasta.in/wp-content/themes/dasta/images/icons/step1.png]
[dasta.in/wp-content/themes/dasta/images/icons/3bhk.png]
[dasta.in/wp-content/themes/dasta/images/icons/2bhk.png]
[dasta.in/wp-content/themes/dasta/images/icons/1bhk.png]
[dasta.in/wp-content/themes/dasta/images/icons/step2.png]
[dasta.in/wp-content/themes/dasta/images/icons/step3.png]
[dasta.in/wp-content/themes/dasta/images/icons/calendar.png]
[dasta.in/wp-content/themes/dasta/images/icons/step4.png]
[dasta.in/wp-content/themes/dasta/images/icons/user.png]
[dasta.in/wp-content/themes/dasta/js/vendor/xlsx-calc/xlsx-calc-v20170729.min.js]
[dasta.in/wp-content/themes/dasta/js/Unit Query Engine/spreadsheet-formulae5679.js]
[dasta.in/wp-content/themes/dasta/js/Unit Query Engine/libbc6e.js]
[dasta.in/wp-content/themes/dasta/js/Unit Query Engine/unit-query-enginebd4d.js]
[dasta.in/wp-content/themes/dasta/js/Unit Query Engine/regular-user7fb6.js]
[dasta.in/pricing/index.html]
[dasta.in/wp-content/themes/dasta/js/Pricing/pricingf0c6.js]
[dasta.in/wp-json/oembed/1.0/embedad72.json]
[dasta.in/faqs-about-water-management/feed/index.html]
[dasta.in/wp-json/oembed/1.0/embed9d2a]
[dasta.in/wp-content/uploads/2015/04/glass-of-water-16x9-web-900x506.jpg]
[dasta.in/indexba45.html]
[dasta.in/wp-content/uploads/2015/04/CB_Code_2002.pdf]
[dasta.in/wp-content/uploads/2015/04/Met_Report_April_2015.pdf]
[dasta.in/wp-content/themes/dasta/js/vendor/SheetJS/xlsx-core-v0.12.4.min.js]
[dasta.in/faqs-about-water-management/index.html]
[dasta.in/news/index.html]
[dasta.in/index42dc.html]
[dasta.in/wp-content/uploads/2016/07/Dasta_Pan_July-16-456x456.jpg]
[dasta.in/july-2016-report/index.html]
[dasta.in/wp-content/uploads/2016/06/Dasta_Pan_jun_16-456x456.jpg]
[dasta.in/june-2016-report/index.html]
[dasta.in/wp-content/uploads/2016/05/Dasta_Pan_May_2016-456x456.jpg]
[dasta.in/wp-content/uploads/2016/04/fixed-camera-april-16-456x456.jpg]
[dasta.in/wp-content/uploads/2016/03/Dasta_Pan_Web_011-456x456.jpg]
[dasta.in/may-2016-report/index.html]
[dasta.in/wp-content/uploads/2016/02/Dasta_Pan_Web_Jan-456x456.jpg]
[dasta.in/wp-content/uploads/2016/01/dec2015_progress_scale-456x456.jpg]
[dasta.in/wp-content/uploads/2015/11/oct2015_progress_scale-456x456.jpg]
[dasta.in/wp-content/uploads/2015/08/Aug2015_progress_scale-456x456.jpg]
[dasta.in/wp-content/uploads/2015/07/Jul2015_progress_scale-456x456.jpg]
[dasta.in/category/construction-update/page/2/index.html]
[dasta.in/april-2016-report/index.html]
[dasta.in/wp-json/oembed/1.0/embedcf7b.json]
[dasta.in/march-2016-report/index.html]
[dasta.in/january-2016-report/index.html]
[dasta.in/wp-json/oembed/1.0/embedf190]
[dasta.in/dec-2015-report/index.html]
[dasta.in/wp-content/uploads/2017/08/Featured_Image-900x900.jpg]
[dasta.in/oct-2015-report/index.html]
[dasta.in/july-2015-report/index.html]
[dasta.in/june-2015-report-2/index.html]
[dasta.in/wp-content/uploads/2017/08/Past_Comparison.jpg]
[dasta.in/wp-content/uploads/2017/08/Dasta_09_08_17_16.jpg]
[dasta.in/wp-content/uploads/2017/08/Dasta_09_08_17_17.jpg]
[dasta.in/wp-content/uploads/2017/08/Dasta_09_08_17_18.jpg]
[dasta.in/wp-content/uploads/2017/08/Dasta_09_08_17_01.jpg]
[dasta.in/wp-content/uploads/2017/08/Dasta_09_08_17_05.jpg]
[dasta.in/wp-content/uploads/2017/08/Dasta_09_08_17_14.jpg]
[dasta.in/wp-content/uploads/2017/08/Dasta_09_08_17_13.jpg]
[dasta.in/wp-content/uploads/2017/05/North-East-Elevation.jpg]
[dasta.in/wp-content/uploads/2017/07/Dasta_06_07_17_19.jpg]
[dasta.in/wp-content/uploads/2017/07/Dasta_06_07_17_26.jpg]
[dasta.in/wp-content/uploads/2017/04/South-Elevation.jpg]
[dasta.in/wp-content/uploads/2017/05/North-West-Elevation-1.jpg]
[dasta.in/wp-content/uploads/2017/05/North-Elevation.jpg]
[dasta.in/wp-content/uploads/2017/05/Exit-Ramp-from-Basement-1.jpg]
[dasta.in/wp-content/uploads/2017/07/Dasta_06_07_17_05.jpg]
[dasta.in/wp-content/uploads/2017/05/Dasta_10_05_17_18-1.jpg]
[dasta.in/wp-content/uploads/2017/04/Basement-Entry-and-Exit.jpg]
[dasta.in/wp-content/uploads/2017/02/Club-House-Area-Front-view.jpg]
[dasta.in/wp-content/uploads/2017/07/Dasta_06_07_17_20.jpg]
[dasta.in/wp-content/uploads/2017/05/Basement-Area.jpg]
[dasta.in/wp-content/uploads/2017/04/Basement.jpg]
[dasta.in/wp-content/uploads/2017/07/Dasta_06_07_17_23.jpg]
[dasta.in/wp-content/uploads/2017/07/Dasta_06_07_17_25.jpg]
[dasta.in/wp-content/uploads/2017/08/Dasta_09_08_17_04.jpg]
[dasta.in/wp-content/uploads/2017/04/Lift-Lobby-Area.jpg]
[dasta.in/wp-content/uploads/2017/08/Dasta_09_08_17_02.jpg]
[dasta.in/wp-content/uploads/2017/05/Car-Parking-Area-with-Landscaping.jpg]
[dasta.in/wp-content/uploads/2017/07/Dasta_06_07_17_07.jpg]
[dasta.in/wp-content/uploads/2017/05/Club-House-Area-with-Landscaping-2-2.jpg]
[dasta.in/wp-content/uploads/2017/05/CLub-House-Area-with-Landscaping-and-Barbeque-Zone.jpg]
[dasta.in/wp-content/uploads/2017/05/Club-House-Area-with-Landscaping-3.jpg]
[dasta.in/wp-content/uploads/2017/05/Club-House-area-with-Landscaping-4.jpg]
[dasta.in/wp-content/uploads/2017/05/Kids-Play-Area.jpg]
[dasta.in/wp-content/uploads/2017/07/Dasta_06_07_17_32.jpg]
[dasta.in/wp-content/uploads/2017/05/Dasta_10_05_17_35-1.jpg]
[dasta.in/wp-content/uploads/2017/07/Dasta_06_07_17_11-2.jpg]
[dasta.in/wp-content/uploads/2017/07/Dasta_06_07_17_10-1.jpg]
[dasta.in/wp-content/uploads/2017/04/Swimming-Pool.jpg]
[dasta.in/wp-content/uploads/2017/05/Penthouse-Balcony-Area-2.jpg]
[dasta.in/wp-content/uploads/2017/01/Club-House-Indoor-Games-area.jpg]
[dasta.in/wp-content/uploads/2017/08/Dasta_09_08_17_07.jpg]
[dasta.in/wp-content/uploads/2017/08/Dasta_09_08_17_06.jpg]
[dasta.in/wp-content/uploads/2017/03/Club-House-Multipurpose-hall.jpg]
[dasta.in/wp-content/uploads/2017/08/Dasta_09_08_17_08.jpg]
[dasta.in/wp-content/uploads/2017/08/Dasta_09_08_17_09.jpg]
[dasta.in/wp-content/uploads/2017/07/Dasta_06_07_17_21.jpg]
[dasta.in/wp-content/uploads/2017/08/Dasta_09_08_17_10.jpg]
[dasta.in/wp-content/uploads/2017/08/Dasta_09_08_17_11-1.jpg]
[dasta.in/wp-content/uploads/2017/08/Dasta_09_08_17_12-1.jpg]
[dasta.in/wp-content/uploads/2017/08/Dasta_09_08_17_03.jpg]
[dasta.in/wp-content/uploads/2016/11/Master-Bed-Room-Wooden-Flooring.jpg]
[dasta.in/wp-content/uploads/2017/01/Interior-works-in-one-of-the-sold-flats.jpg]
[dasta.in/wp-content/uploads/2017/05/Penthouse-Balcony-Area.jpg]
[dasta.in/wp-content/uploads/2017/04/Dasta_04_04_17_22.jpg]
[dasta.in/wp-content/uploads/2017/02/Terrace-Area-3-1024x649.jpg]
[dasta.in/august-2017-report/index.html]
[dasta.in/wp-json/oembed/1.0/embed9e86.json]
[dasta.in/wp-json/oembed/1.0/embed7555]
[dasta.in/wp-content/uploads/2017/07/Featured_Image-1-900x900.jpg]
[dasta.in/wp-content/uploads/2017/07/Past_Comparison_July.jpg]
[dasta.in/august-2017-report/feed/index.html]
[dasta.in/wp-content/uploads/2017/07/Dasta_06_07_17_13-1.jpg]
[dasta.in/wp-content/uploads/2017/07/Dasta_06_07_17_15.jpg]
[dasta.in/wp-content/uploads/2017/03/Common-area-corridor.jpg]
[dasta.in/wp-content/uploads/2017/05/Drive-Way-and-Car-Parking-Area-with-Landscaping.jpg]
[dasta.in/wp-content/uploads/2017/05/Dasta_04_01_17_30-1-788x1024.jpg]
[dasta.in/wp-content/uploads/2017/07/Dasta_06_07_17_22.jpg]
[dasta.in/wp-content/uploads/2017/04/Lobby-Area.jpg]
[dasta.in/july-2017-report/index.html]
[dasta.in/wp-json/oembed/1.0/embed2805.json]
[dasta.in/wp-json/oembed/1.0/embedf020]
[dasta.in/wp-content/uploads/2017/05/Featured_Image-900x900.jpg]
[dasta.in/wp-content/uploads/2017/05/Past_Comparison.jpg]
[dasta.in/wp-content/uploads/2017/05/Amphitheatre-Work-in-Progress-and-West-Elevation-of-the-Building.jpg]
[dasta.in/wp-content/uploads/2017/04/South-East-Elevation.jpg]
[dasta.in/wp-content/uploads/2017/04/South-West-Elevation.jpg]
[dasta.in/wp-content/uploads/2017/05/East-Elevation-1.jpg]
[dasta.in/wp-content/uploads/2017/03/Basement-area-II.jpg]
[dasta.in/wp-content/uploads/2017/03/Basement-area.jpg]
[dasta.in/wp-content/uploads/2017/02/Common-Corridor-Area.jpg]
[dasta.in/wp-content/uploads/2017/05/Club-House-area-with-Landscaping-4-1.jpg]
[dasta.in/july-2017-report/feed/index.html]
[dasta.in/wp-content/uploads/2017/05/Kids-Play-Area-2.jpg]
[dasta.in/wp-content/uploads/2017/04/Swimming-Pool-Area.jpg]
[dasta.in/wp-content/uploads/2017/04/Swimming-Pool-Area-2.jpg]
[dasta.in/wp-content/uploads/2017/05/Dasta_04_01_17_30-1.jpg]
[dasta.in/wp-content/uploads/2017/04/Dasta_04_04_17_21.jpg]
[dasta.in/wp-content/uploads/2017/03/Club-house-Wash-room-area.jpg]
[dasta.in/wp-content/uploads/2017/02/Terrace-Area-3.jpg]
[dasta.in/may-2017-report/index.html]
[dasta.in/wp-json/oembed/1.0/embed9e57.json]
[dasta.in/wp-json/oembed/1.0/embed584f]
[dasta.in/wp-content/uploads/2017/04/Featured_Image-900x900.jpg]
[dasta.in/wp-content/uploads/2017/04/Past_Comparison-1.jpg]
[dasta.in/wp-content/uploads/2017/04/West-Elevation.jpg]
[dasta.in/wp-content/uploads/2017/04/North-East-Elevation.jpg]
[dasta.in/wp-content/uploads/2017/02/North-Elevation.jpg]
[dasta.in/wp-content/uploads/2017/04/Basement-Exit-Ramp.jpg]
[dasta.in/wp-content/uploads/2017/04/East-Elevation.jpg]
[dasta.in/wp-content/uploads/2017/03/Exit-drive-way.jpg]
[dasta.in/wp-content/uploads/2017/04/Drive-way-Car-Parking-and-Landscaping-on-the-Ground-level.jpg]
[dasta.in/wp-content/uploads/2017/04/Kids-Play-Area.jpg]
[dasta.in/wp-content/uploads/2017/04/Dasta_04_04_17_29.jpg]
[dasta.in/wp-content/uploads/2017/04/Club-House-Landscaped-area.jpg]
[dasta.in/wp-content/uploads/2017/04/Club-House-Landscaped-area-3.jpg]
[dasta.in/wp-content/uploads/2017/04/Club-House-Landscaped-area-2.jpg]
[dasta.in/wp-content/uploads/2017/03/Penthouse-balcony-area.jpg]
[dasta.in/april-2017-report/index.html]
[dasta.in/may-2017-report/feed/index.html]
[dasta.in/wp-json/oembed/1.0/embedcc1a.json]
[dasta.in/wp-json/oembed/1.0/embede132]
[dasta.in/wp-content/uploads/2017/03/Featured_Image-900x900.jpg]
[dasta.in/wp-content/uploads/2017/03/Past_Comparison.jpg]
[dasta.in/wp-content/uploads/2017/03/North-east-elevation.jpg]
[dasta.in/wp-content/uploads/2017/03/South-east-elevation.jpg]
[dasta.in/wp-content/uploads/2017/03/South-west-elevation.jpg]
[dasta.in/wp-content/uploads/2017/03/Basement-ramp.jpg]
[dasta.in/wp-content/uploads/2017/01/Lift-Lobby.jpg]
[dasta.in/wp-content/uploads/2017/03/Landscaping-work-is-in-progress.jpg]
[dasta.in/wp-content/uploads/2017/03/Kids-play-area.jpg]
[dasta.in/wp-content/uploads/2017/03/Dasta_02_03_17_37.jpg]
[dasta.in/wp-content/uploads/2017/03/Swimming-pool-area.jpg]
[dasta.in/wp-content/uploads/2017/03/Swimming-pool-area-Toddler-pool.jpg]
[dasta.in/wp-content/uploads/2017/03/Dasta_02_03_17_06.jpg]
[dasta.in/wp-content/uploads/2017/02/Gymnasium-Area-1.jpg]
[dasta.in/wp-content/uploads/2017/01/Waiting-Lounge-Lobby-area.jpg]
[dasta.in/wp-content/uploads/2016/11/Staircase-Area.jpg]
[dasta.in/march-2017-report/index.html]
[dasta.in/wp-json/oembed/1.0/embedcc55.json]
[dasta.in/wp-json/oembed/1.0/embedd588]
[dasta.in/wp-content/uploads/2017/02/Featured_Image-900x900.jpg]
[dasta.in/wp-content/uploads/2017/02/Past_Comparison.jpg]
[dasta.in/wp-content/uploads/2017/02/South-West-Elevation.jpg]
[dasta.in/wp-content/uploads/2017/02/North-East-Elevation.jpg]
[dasta.in/wp-content/uploads/2017/02/South-East-Elevation.jpg]
[dasta.in/wp-content/uploads/2017/02/West-Elevation.jpg]
[dasta.in/wp-content/uploads/2017/02/Exit-Ramp-from-Basement.jpg]
[dasta.in/wp-content/uploads/2017/02/Basement-Area.jpg]
[dasta.in/wp-content/uploads/2017/02/Basement-Area-Car-Parking-Slots-1.jpg]
[dasta.in/wp-content/uploads/2017/02/Landscaping-work-in-progress-Ground-level.jpg]
[dasta.in/wp-content/uploads/2017/02/Multipurpose-Hall-Area.jpg]
[dasta.in/wp-content/uploads/2017/02/Dasta_04_01_17_27.jpg]
[dasta.in/wp-content/uploads/2017/02/Landscaping-work-in-progress-Kids-Play-Area.jpg]
[dasta.in/wp-content/uploads/2016/11/Club-House-Outdoor-Aerial-View.jpg]
[dasta.in/wp-content/uploads/2017/02/Swimming-pool-area-1.jpg]
[dasta.in/wp-content/uploads/2017/01/Balcony-Garden-area-in-Penthouse-apartments.jpg]
[dasta.in/february-2017-report/index.html]
[dasta.in/april-2017-report/feed/index.html]
[dasta.in/wp-json/oembed/1.0/embed89b5.json]
[dasta.in/wp-json/oembed/1.0/embede30d]
[dasta.in/wp-content/uploads/2017/01/Dasta_Pan_January_2017-900x900.jpg]
[dasta.in/wp-content/uploads/2017/01/past-comparison.jpg]
[dasta.in/wp-content/uploads/2017/01/South-West-Elevation.jpg]
[dasta.in/wp-content/uploads/2017/01/South-East-Elevation.jpg]
[dasta.in/wp-content/uploads/2016/11/West-Elevation-1.jpg]
[dasta.in/wp-content/uploads/2016/11/North-West-Elevation.jpg]
[dasta.in/wp-content/uploads/2017/01/Basement-Ramp.jpg]
[dasta.in/wp-content/uploads/2017/01/Basement-area.jpg]
[dasta.in/wp-content/uploads/2017/01/Corridor-area.jpg]
[dasta.in/wp-content/uploads/2017/01/Ground-Level-Parking-area.jpg]
[dasta.in/wp-content/uploads/2017/01/Club-House-Multipurpose-Hall-area.jpg]
[dasta.in/wp-content/uploads/2017/01/Club-House-Gym-area.jpg]
[dasta.in/march-2017-report/feed/index.html]
[dasta.in/wp-content/uploads/2017/01/Club-House-Wash-Room-area.jpg]
[dasta.in/wp-content/uploads/2016/11/Club-House-Open-Party-Arena.jpg]
[dasta.in/wp-content/uploads/2017/01/Swimming-Pool-area.jpg]
[dasta.in/wp-content/uploads/2017/01/Terrace-area.jpg]
[dasta.in/january-2017-report/index.html]
[dasta.in/wp-json/oembed/1.0/embed641a.json]
[dasta.in/wp-json/oembed/1.0/embed8305]
[dasta.in/wp-content/uploads/2016/11/Dasta_Pan_November_2016-900x900.jpg]
[dasta.in/wp-content/uploads/2016/11/past-comparison-nov.jpg]
[dasta.in/wp-content/uploads/2016/11/East-Elevation.jpg]
[dasta.in/wp-content/uploads/2016/11/North-Elevation.jpg]
[dasta.in/february-2017-report/feed/index.html]
[dasta.in/wp-content/uploads/2016/11/Entry-Ramp-into-the-Basement.jpg]
[dasta.in/wp-content/uploads/2016/11/Exit-Ramp-from-the-Basement.jpg]
[dasta.in/wp-content/uploads/2016/11/Basement-Area.jpg]
[dasta.in/wp-content/uploads/2016/11/Common-Area-Corridor.jpg]
[dasta.in/wp-content/uploads/2016/11/Ground-Level-Parking-Area.jpg]
[dasta.in/january-2017-report/feed/index.html]
[dasta.in/wp-content/uploads/2016/11/Club-House-Indoor-Games-Area.jpg]
[dasta.in/wp-content/uploads/2016/11/Club-House-Multipurpose-Hall-Area.jpg]
[dasta.in/wp-content/uploads/2016/11/Club-House-Swimming-Pool-Area.jpg]
[dasta.in/wp-content/uploads/2016/11/Terrace-Area.jpg]
[dasta.in/november-2016-report/index.html]
[dasta.in/wp-json/oembed/1.0/embed9a5f.json]
[dasta.in/wp-json/oembed/1.0/embed4427]
[dasta.in/wp-content/uploads/2016/10/Dasta_Pan_oct_01-1-900x900.jpg]
[dasta.in/wp-content/uploads/2016/10/past-comparison.jpg]
[dasta.in/wp-content/uploads/2016/10/South-Elevation-Outside.jpg]
[dasta.in/wp-content/uploads/2016/10/East-Elevation.jpg]
[dasta.in/wp-content/uploads/2016/10/West-Elevation.jpg]
[dasta.in/wp-content/uploads/2016/10/North-West-Elevation.jpg]
[dasta.in/wp-content/uploads/2016/10/South-West-Elevation.jpg]
[dasta.in/wp-content/uploads/2016/10/South-East-Elevation.jpg]
[dasta.in/wp-content/uploads/2016/10/South-Elevation-Inside.jpg]
[dasta.in/wp-content/uploads/2016/10/Drive-Way-Ramp.jpg]
[dasta.in/wp-content/uploads/2016/10/Basement-Area.jpg]
[dasta.in/wp-content/uploads/2016/10/Basement-Entry-Exit-1-1.jpg]
[dasta.in/wp-content/uploads/2016/10/Building-Corridor-area.jpg]
[dasta.in/wp-content/uploads/2016/10/Drive-Way-Ground-Level-Parking.jpg]
[dasta.in/wp-content/uploads/2016/10/Security-Room-Boom-Barrier.jpg]
[dasta.in/wp-content/uploads/2016/10/Cub-House-Area.jpg]
[dasta.in/wp-content/uploads/2016/10/Club-House-Multipurpose-hall-area.jpg]
[dasta.in/wp-content/uploads/2016/10/Club-House-Indoor-Games-Area.jpg]
[dasta.in/wp-content/uploads/2016/10/Apartment-Living-Area.jpg]
[dasta.in/wp-content/uploads/2016/10/Apartment-Kitchen-Area.jpg]
[dasta.in/november-2016-report/feed/index.html]
[dasta.in/wp-content/uploads/2016/10/Apartment-Dining-Area.jpg]
[dasta.in/wp-content/uploads/2016/10/Apartment-Balcony-Area.jpg]
[dasta.in/october-2016-report/index.html]
[dasta.in/wp-json/oembed/1.0/embedb7a1.json]
[dasta.in/wp-json/oembed/1.0/embed8eff]
[dasta.in/wp-content/uploads/2016/09/Dasta_Pan_September-17-900x900.jpg]
[dasta.in/wp-content/uploads/2016/09/past-comparison-sept-1.jpg]
[dasta.in/wp-content/uploads/2016/09/1.North-Elevation.jpg]
[dasta.in/wp-content/uploads/2016/09/2.South-Elevation.jpg]
[dasta.in/wp-content/uploads/2016/09/3.East-Elevation.jpg]
[dasta.in/wp-content/uploads/2016/09/4.West-Elevation.jpg]
[dasta.in/wp-content/uploads/2016/09/5.North-West-Elevation.jpg]
[dasta.in/wp-content/uploads/2016/09/7.South-West-Elevation.jpg]
[dasta.in/wp-content/uploads/2016/09/6.South-East-Elevation-1.jpg]
[dasta.in/wp-content/uploads/2016/09/8.Drive-way-ramp.jpg]
[dasta.in/wp-content/uploads/2016/09/Basement-Area.jpg]
[dasta.in/wp-content/uploads/2016/09/Basement-Entry-Exit-point.jpg]
[dasta.in/wp-content/uploads/2016/09/Common-area-corridor.jpg]
[dasta.in/wp-content/uploads/2016/09/Drive-way-Ground-level-parking-area.jpg]
[dasta.in/wp-content/uploads/2016/09/Lift-lobby-area.jpg]
[dasta.in/wp-content/uploads/2016/09/Multipurpose-hall-area.jpg]
[dasta.in/wp-content/uploads/2016/09/Terrace-area.jpg]
[dasta.in/september-2016-report/index.html]
[dasta.in/october-2016-report/feed/index.html]
[dasta.in/wp-content/uploads/2015/04/mar2015_progress_scale-456x456.jpg]
[dasta.in/wp-content/uploads/2015/03/feb2015_progress_scale-456x456.jpg]
[dasta.in/wp-content/uploads/2015/02/Jan2015_Dasta_Pan-456x456.jpg]
[dasta.in/wp-content/uploads/2015/01/Dasta_Pan_Web_jan-13-456x456.jpg]
[dasta.in/wp-content/uploads/2014/12/Dasta_Icon_Dec01-456x456.jpg]
[dasta.in/wp-content/uploads/2014/12/Nov14_Pan_1024x1024-456x456.jpg]
[dasta.in/wp-content/uploads/2014/10/Oct14_Pan_1024x1024-456x456.jpg]
[dasta.in/category/construction-update/page/3/index.html]
[dasta.in/index49a5.html]
[dasta.in/september-2016-report/feed/index.html]
[dasta.in/wp-json/oembed/1.0/embed7dcc.json]
[dasta.in/wp-json/oembed/1.0/embeda4b2]
[dasta.in/march-2015-report/index.html]
[dasta.in/wp-content/uploads/2014/10/model_apt_05-900x506.jpg]
[dasta.in/jan-2015-report/index.html]
[dasta.in/feb-2015-report/index.html]
[dasta.in/dec-2014-report-2/index.html]
[dasta.in/wp-content/uploads/2014/10/model_apt_06.jpg]
[dasta.in/wp-content/uploads/2014/10/model_apt_01.jpg]
[dasta.in/8th-slab-update/index.html]
[dasta.in/wp-content/uploads/2014/10/model_apt_02.jpg]
[dasta.in/wp-content/uploads/2014/10/model_apt_11.jpg]
[dasta.in/wp-content/uploads/2014/10/model_apt_03.jpg]
[dasta.in/nov-2014-report/index.html]
[dasta.in/construction-update-oct-2014/index.html]
[dasta.in/wp-content/uploads/2014/10/model_apt_04.jpg]
[dasta.in/get-a-feel-of-the-apartment/feed/index.html]
[dasta.in/wp-content/uploads/2014/10/model_apt_07.jpg]
[dasta.in/wp-content/uploads/2014/10/model_apt_10.jpg]
[dasta.in/wp-content/uploads/2014/10/model_apt_09.jpg]
[dasta.in/wp-content/uploads/2014/10/model_apt_08.jpg]
[dasta.in/get-a-feel-of-the-apartment/index.html]
[dasta.in/wp-json/oembed/1.0/embed.1bfd3fe.delayed]
[dasta.in/engineering/index.html]
[dasta.in/wp-json/oembed/1.0/embedb8aa]
[dasta.in/engineering/feed/index.html]
[dasta.in/wp-content/themes/dasta/images/engineering/quality-speed.png]
[dasta.in/wp-content/themes/dasta/images/engineering/multi-floor-base.png]
[dasta.in/wp-content/themes/dasta/images/engineering/multi-floor-layer.png]
[dasta.in/wp-content/themes/dasta/images/engineering/e01.jpg]
[dasta.in/wp-content/themes/dasta/images/engineering/doors.png]
[dasta.in/wp-content/themes/dasta/images/engineering/sliding.png]
[dasta.in/wp-content/themes/dasta/images/engineering/windows.png]
[dasta.in/wp-content/themes/dasta/images/engineering/construction.jpg]
[dasta.in/wp-content/themes/dasta/images/engineering/yard.jpg]
[dasta.in/wp-content/themes/dasta/images/engineering/generators.jpg]
[dasta.in/wp-content/themes/dasta/images/engineering/cement1.jpg]
[dasta.in/engineering/index87ac.html]
[dasta.in/index0e62.html]
[dasta.in/indexf741.html]
[dasta.in/indexba45.html]
[dasta.in/wp-json/oembed/1.0/embed49ec.json]
[dasta.in/wp-json/oembed/1.0/embed30e8]
[dasta.in/wp-content/themes/dasta/images/construction-icon.png]
[dasta.in/news/index.html]
[dasta.in/news/feed/index.html]
[dasta.in/wp-content/themes/dasta/index.html]
[dasta.in/news/page/2/index.html]
[dasta.in/news/page/3/index.html]
[dasta.in/wp-json/oembed/1.0/embedbba2.json]
[dasta.in/news/page/5/index.html]
[dasta.in/july-2016-report/feed/index.html]
[dasta.in/wp-json/oembed/1.0/embed14a2]
[dasta.in/wp-content/uploads/2016/07/Dasta_Pan_July-16-900x900.jpg]
[dasta.in/wp-content/uploads/2016/07/past-comparison-July.jpg]
[dasta.in/wp-content/uploads/2016/07/Dasta-Concerto-North-elevation.jpg]
[dasta.in/wp-content/uploads/2016/07/Dasta-Concerto-South-elevation-1.jpg]
[dasta.in/wp-content/uploads/2016/07/Dasta-Concerto-East-elevation.jpg]
[dasta.in/wp-content/uploads/2016/07/Dasta-Concerto-West-elevation.jpg]
[dasta.in/wp-content/uploads/2016/07/Dasta-Concerto-North-east-elevation.jpg]
[dasta.in/wp-content/uploads/2016/07/Dasta-Concerto-South-east-elevation.jpg]
[dasta.in/wp-content/uploads/2016/07/Dasta-Concerto-South-west-elevation.jpg]
[dasta.in/wp-content/uploads/2016/07/DASTA-Logo-on-the-building-1.jpg]
[dasta.in/wp-content/uploads/2016/07/Dasta-Concerto-Swimming-pool.jpg]
[dasta.in/wp-content/uploads/2016/07/Dasta-Concerto-Basement.jpg]
[dasta.in/wp-content/uploads/2016/07/Dasta-Concerto-Common-area-inside-the-building.jpg]
[dasta.in/wp-content/uploads/2016/07/Dasta-Concerto-Ready-kitchen.jpg]
[dasta.in/wp-content/uploads/2016/07/Dasta-Concerto-Living-dining-area.jpg]
[dasta.in/wp-content/uploads/2016/07/Dasta-Concerto-Electric-Distribution-Panel-room.jpg]
[dasta.in/wp-content/uploads/2016/07/Dasta-Concerto-Meter-Panel-Room.jpg]
[dasta.in/wp-content/uploads/2016/07/Dasta-Concerto-Multipurpose-hall.jpg]
[dasta.in/wp-content/uploads/2016/07/Dasta-Concerto-Pump-room.jpg]
[dasta.in/wp-content/uploads/2016/07/Dasta-Concerto-Sewage-Treatment-Plant.jpg]
[dasta.in/wp-content/uploads/2016/07/Dasta-Concerto-Transformer-yard.jpg]
[dasta.in/july-2016-report/index.html]
[dasta.in/wp-json/oembed/1.0/embed532b.json]
[dasta.in/wp-json/oembed/1.0/embed8f22]
[dasta.in/wp-content/uploads/2016/06/Dasta_Pan_jun_16-900x900.jpg]
[dasta.in/wp-content/uploads/2016/06/past-comparison-June-2016.jpg]
[dasta.in/wp-content/uploads/2016/06/North-Elevation.jpg]
[dasta.in/june-2016-report/feed/index.html]
[dasta.in/wp-content/uploads/2016/06/South-Elevation.jpg]
[dasta.in/wp-content/uploads/2016/06/East-elevation.jpg]
[dasta.in/wp-content/uploads/2016/06/West-elevation.jpg]
[dasta.in/wp-content/uploads/2016/06/North-east-elevation.jpg]
[dasta.in/wp-content/uploads/2016/06/South-east-elevation.jpg]
[dasta.in/wp-content/uploads/2016/06/South-west-elevation.jpg]
[dasta.in/wp-content/uploads/2016/06/Basement.jpg]
[dasta.in/wp-content/uploads/2016/06/Corridor.jpg]
[dasta.in/wp-content/uploads/2016/06/Kitchen.jpg]
[dasta.in/wp-content/uploads/2016/06/Terrace.jpg]
[dasta.in/june-2016-report/index.html]
[dasta.in/wp-json/oembed/1.0/embedbbab.json]
[dasta.in/wp-json/oembed/1.0/embed5198]
[dasta.in/wp-content/uploads/2016/05/Dasta_Pan_May_2016-900x900.jpg]
[dasta.in/wp-content/uploads/2016/05/Past-Comparison-May.jpg]
[dasta.in/wp-content/uploads/2016/05/North-elevation.jpg]
[dasta.in/wp-content/uploads/2016/05/South-east-elevation.jpg]
[dasta.in/wp-content/uploads/2016/05/South-elevation.jpg]
[dasta.in/wp-content/uploads/2016/05/North-east-elevation-1.jpg]
[dasta.in/wp-content/uploads/2016/05/East-elevation.jpg]
[dasta.in/wp-content/uploads/2016/05/West-elevation.jpg]
[dasta.in/wp-content/uploads/2016/05/Basement.jpg]
[dasta.in/wp-content/uploads/2016/05/Drive-way-ramp.jpg]
[dasta.in/wp-content/uploads/2016/05/Security-office-work-in-progress.jpg]
[dasta.in/wp-content/uploads/2016/05/Swimming-pool.jpg]
[dasta.in/wp-content/uploads/2016/05/Terrace.jpg]
[dasta.in/wp-content/uploads/2016/05/Corridor.jpg]
[dasta.in/may-2016-report/index.html]
[dasta.in/may-2016-report/feed/index.html]
[dasta.in/wp-json/oembed/1.0/embed.206b83a.delayed]
[dasta.in/wp-json/oembed/1.0/embeddbcb]
[dasta.in/april-2016-report/feed/index.html]
[dasta.in/wp-content/uploads/2016/04/fixed-camera-april-16-900x900.jpg]
[dasta.in/wp-content/uploads/2016/04/past-comparison-April.jpg]
[dasta.in/wp-content/uploads/2016/04/North-elevation.jpg]
[dasta.in/wp-content/uploads/2016/04/South-east-elevation.jpg]
[dasta.in/wp-content/uploads/2016/04/South-Elevation.jpg]
[dasta.in/wp-content/uploads/2016/04/South-west-facade.jpg]
[dasta.in/wp-content/uploads/2016/04/East-facade.jpg]
[dasta.in/wp-content/uploads/2016/04/Basement-vdf-flooring-completed.jpg]
[dasta.in/wp-content/uploads/2016/04/Basement-ramp-work-in-progress.jpg]
[dasta.in/wp-content/uploads/2016/04/Childrens-play-area-work-in-progress.jpg]
[dasta.in/wp-content/uploads/2016/04/Final-coat-of-putty.jpg]
[dasta.in/wp-content/uploads/2016/04/Jali-work-in-progress-on-14th-floor.jpg]
[dasta.in/wp-content/uploads/2016/04/Aerial-view-of-club-house-1.jpg]
[dasta.in/wp-content/uploads/2016/04/Terrace-water-proofing-work-in-progress.jpg]
[dasta.in/april-2016-report/index.html]
[dasta.in/wp-json/oembed/1.0/embedf48c.json]
[dasta.in/wp-json/oembed/1.0/embedc746]
[dasta.in/wp-content/uploads/2016/03/Dasta_Pan_Web_011-900x900.jpg]
[dasta.in/wp-content/uploads/2016/03/past-comparison-march-20161.jpg]
[dasta.in/wp-content/uploads/2016/03/East-Elevation.jpg]
[dasta.in/wp-content/uploads/2016/03/North-east-elevation.jpg]
[dasta.in/wp-content/uploads/2016/03/South-east-elevation.jpg]
[dasta.in/wp-content/uploads/2016/03/North-west-elevation.jpg]
[dasta.in/wp-content/uploads/2016/03/East-Facade.jpg]
[dasta.in/wp-content/uploads/2016/03/Basement-VDF-Flooring.jpg]
[dasta.in/wp-content/uploads/2016/03/Corridor-after-putty-tile-work.jpg]
[dasta.in/wp-content/uploads/2016/03/Penthouse-balcony-area.jpg]
[dasta.in/wp-content/uploads/2016/03/Main-Door-Shutter.jpg]
[dasta.in/wp-content/uploads/2016/03/Vertical-plumbing-duct.jpg]
[dasta.in/wp-content/uploads/2016/03/Podium-work-in-progress.jpg]
[dasta.in/wp-content/uploads/2016/03/Aerial-view-of-Pool-side-area.jpg]
[dasta.in/wp-content/uploads/2016/03/Compound-wall-plastering-work.jpg]
[dasta.in/march-2016-report/index.html]
[dasta.in/march-2016-report/feed/index.html]
[dasta.in/wp-json/oembed/1.0/embed4470.json]
[dasta.in/wp-json/oembed/1.0/embed4fab]
[dasta.in/wp-content/uploads/2016/02/Dasta_Pan_Web_Jan-900x900.jpg]
[dasta.in/wp-content/uploads/2016/02/Dasta-Concerto-29-01-2016_04-east-facade-of-the-building.jpg]
[dasta.in/january-2016-report/feed/index.html]
[dasta.in/wp-content/uploads/2016/02/Dasta-Concerto-29-01-2016_05-north-east-elevation-of-the-building.jpg]
[dasta.in/wp-content/uploads/2016/02/Dasta-Concerto-29-01-2016_25-NORTH-EAST-ELEVATION-OF-THE-BUILDING.jpg]
[dasta.in/wp-content/uploads/2016/02/Dasta-Concerto-29-01-2016_39-NORTH-ELEVATION-OF-THE-BUILDING.jpg]
[dasta.in/wp-content/uploads/2016/02/Dasta-Concerto-29-01-2016_08-south-east-elevation-of-the-building1.jpg]
[dasta.in/wp-content/uploads/2016/02/Dasta-Concerto-29-01-2016_15-south-west-elevation-of-the-building.jpg]
[dasta.in/wp-content/uploads/2016/02/Dasta-Concerto-29-01-2016_40-NORTH-WEST-ELEVATION-OF-THE-BUILDING.jpg]
[dasta.in/wp-content/uploads/2016/02/Dasta-Concerto-29-01-2016_27-EAST-FACADE-OF-THE-BUILDING.jpg]
[dasta.in/wp-content/uploads/2016/02/Dasta-Concerto-29-01-2016_35-WEST-FACADE-OF-THE-BUILDING-AFTER-1ST-COAT-OF-PRIMER.jpg]
[dasta.in/wp-content/uploads/2016/02/Dasta-Concerto-29-01-2016_36-SOUTH-WEST-FACADE-OF-THE-BUILDING.jpg]
[dasta.in/wp-content/uploads/2016/02/Dasta-Concerto-29-01-2016_06-basement-subsoild-work.jpg]
[dasta.in/wp-content/uploads/2016/02/Dasta-Concerto-29-01-2016_14-Tile-work-in-corridor.jpg]
[dasta.in/wp-content/uploads/2016/02/Dasta-Concerto-29-01-2016_13-After-1st-coat-of-putty-work-in-corridor.jpg]
[dasta.in/wp-content/uploads/2016/02/Dasta-Concerto-29-01-2016_12-After-1st-coat-of-putty-work-in-apartment..jpg]
[dasta.in/wp-content/uploads/2016/02/Dasta-Concerto-29-01-2016_41-NORTH-WING-STAIR-CASE-AFTER-1ST-COAT-OF-PUTTY.jpg]
[dasta.in/wp-content/uploads/2016/02/Dasta-Concerto-29-01-2016_43-14TH-FLOOR-JALLI-WORK-IS-IN-PROGRESS.jpg]
[dasta.in/wp-content/uploads/2016/02/Dasta-Concerto-29-01-2016_44-STAIRCASE-TILE-WORK-IS-IN-PROGRESS.jpg]
[dasta.in/wp-content/uploads/2016/02/Dasta-Concerto-29-01-2016_45-PODIUM-FINISH-SAMPLE-FOR-ARCH.-APPROVAL.jpg]
[dasta.in/wp-content/uploads/2016/02/Dasta-Concerto-29-01-2016_46-OHT-PLASTERING-WORK-IS-FINISHED-AFTER-WATER-PROOFING-WORKS.jpg]
[dasta.in/january-2016-report/index.html]
[dasta.in/wp-json/oembed/1.0/embedbcff.json]
[dasta.in/wp-json/oembed/1.0/embed1855]
[dasta.in/dec-2015-report/feed/index.html]
[dasta.in/wp-content/uploads/2016/01/dec2015_progress_scale-900x900.jpg]
[dasta.in/wp-content/uploads/2016/01/past-comparison-dec-2015.jpg]
[dasta.in/wp-content/uploads/2016/01/Dasta_08_12_15_06-EAST-FACADE-OF-THE-BUILDING.jpg]
[dasta.in/wp-content/uploads/2016/01/Dasta_08_12_15_36-NORTH-EAST-ELEVATION-OF-THE-BUILDING.jpg]
[dasta.in/wp-content/uploads/2016/01/Dasta_08_12_15_40-SOUTH-ELEVATION-OF-THE-BUILDING.jpg]
[dasta.in/wp-content/uploads/2016/01/Dasta_08_12_15_39-SOUTH-EAST-ELEVATION-OF-THE-BUILDING.jpg]
[dasta.in/wp-content/uploads/2016/01/Dasta_08_12_15_33-SOUTH-WEST-ELEVATION-OF-THE-BUILDING.jpg]
[dasta.in/wp-content/uploads/2016/01/Dasta_08_12_15_37-NORTH-WEST-ELEVATION-OF-THE-BUILDING.jpg]
[dasta.in/wp-content/uploads/2016/01/Dasta_08_12_15_35-EAST-ELEVATION-OF-THE-BUILDING.jpg]
[dasta.in/wp-content/uploads/2016/01/Dasta_08_12_15_13-NORTH-FACADE-OF-THE-BUILDING.jpg]
[dasta.in/wp-content/uploads/2016/01/Dasta_08_12_15_30-WEST-FACADE-OF-THE-BUILDING.jpg]
[dasta.in/wp-content/uploads/2016/01/Dasta_08_12_15_29-SOUTH-WEST-FACADE-OF-THE-BUILDING.jpg]
[dasta.in/wp-content/uploads/2016/01/Dasta_08_12_15_05-RAMP-SUBSOIL-WORK-IN-PROGRESS.jpg]
[dasta.in/wp-content/uploads/2016/01/Dasta_08_12_15_18-CORRIDOR-TILE-WORK-IN-PROGRESS.jpg]
[dasta.in/wp-content/uploads/2016/01/Dasta_08_12_15_24-14TH-FLOOR-CORRIDOR-PLASTERING-WORK-IN-PROGRESS.jpg]
[dasta.in/wp-content/uploads/2016/01/Dasta_08_12_15_42-ONE-OF-THE-CORRIDOR-AFTER-TILE-WORK.jpg]
[dasta.in/wp-content/uploads/2016/01/Dasta_08_12_15_22-TOPVIEW-OF-SWIMMING-POOL-CLUB-HOUSE.jpg]
[dasta.in/wp-content/uploads/2016/01/Dasta_08_12_15_26-TERRACE-WORKS-ARE-IN-PROGRESS.jpg]
[dasta.in/wp-content/uploads/2016/01/Dasta_08_12_15_31-BASEMENT-WORKS-ARE-IN-PROGRESS.jpg]
[dasta.in/dec-2015-report/index.html]
[dasta.in/wp-json/oembed/1.0/embed98d9.json]
[dasta.in/wp-json/oembed/1.0/embed60af]
[dasta.in/wp-content/uploads/2015/11/oct2015_progress_scale-900x900.jpg]
[dasta.in/wp-content/uploads/2015/10/past-comparison-Oct_2015.jpg]
[dasta.in/oct-2015-report/feed/index.html]
[dasta.in/wp-content/uploads/2015/10/East-Facade-of-the-building.jpg]
[dasta.in/wp-content/uploads/2015/10/North-east-elevation.jpg]
[dasta.in/wp-content/uploads/2015/10/South-Elevation.jpg]
[dasta.in/wp-content/uploads/2015/10/South-east-elevation.jpg]
[dasta.in/wp-content/uploads/2015/10/South-west-elevation.jpg]
[dasta.in/wp-content/uploads/2015/10/North-west-elevation.jpg]
[dasta.in/wp-content/uploads/2015/10/Ground-floor-balcony-work-in-progress.jpg]
[dasta.in/wp-content/uploads/2015/10/Basement-plumbing-work-completed.jpg]
[dasta.in/wp-content/uploads/2015/10/Door-frame-work-in-progress.jpg]
[dasta.in/wp-content/uploads/2015/10/West-side-staircase.jpg]
[dasta.in/wp-content/uploads/2015/10/Terrace-elevation-work-in-progress.jpg]
[dasta.in/wp-content/uploads/2015/10/14th-Floor-block-work-completed.jpg]
[dasta.in/wp-content/uploads/2015/10/North-side-compound-wall-work-in-progress.jpg]
[dasta.in/oct-2015-report/index.html]
[dasta.in/wp-json/oembed/1.0/embed6bf2.json]
[dasta.in/wp-json/oembed/1.0/embedfd92]
[dasta.in/wp-content/uploads/2015/08/Aug2015_progress_scale-900x900.jpg]
[dasta.in/wp-content/uploads/2015/08/past-comparison-July.jpg]
[dasta.in/wp-content/uploads/2015/08/Dasta_Pan_Jan_02-NORTH-EAST-ELEVATION-OF-THE-BUILDING.jpg]
[dasta.in/wp-content/uploads/2015/08/Dasta_Pan_Jan_03-SOUTH-EAST-ELEVATION-OF-THE-BUILDING.jpg]
[dasta.in/wp-content/uploads/2015/08/Dasta_Pan_Jan_07-SOUTH-ELEVATION-OF-THE-BUILDING.jpg]
[dasta.in/wp-content/uploads/2015/08/DastaConcerto_Jully_29_MG_1761-NORTH-ELEVATION-OF-THE-BUILDING.jpg]
[dasta.in/wp-content/uploads/2015/08/DastaConcerto_Jully_29_MG_1714-SOUTH-FACADE-OF-THE-BUILDING1.jpg]
[dasta.in/wp-content/uploads/2015/08/DastaConcerto_Jully_29_MG_1715-WEST-FACADE-OF-THE-BUILDING.jpg]
[dasta.in/wp-content/uploads/2015/08/DastaConcerto_Jully_29_MG_1740-NORTH-FACADE-OF-THE-BUILDING.jpg]
[dasta.in/wp-content/uploads/2015/08/Dasta_Pan_Jan_08-11TH-FLOOR-CORRIDOR-AFTER-CEMENT-PLASTER.jpg]
[dasta.in/wp-content/uploads/2015/08/Dasta_Pan_Jan_09-FINISHED-MAIN-DOOR-FIXED-IN-AN-APPT.-ON-2ND-FLOOR.jpg]
[dasta.in/wp-content/uploads/2015/08/Dasta_Pan_Jan_10-EWC-WB-FIXED-IN-CHB-TOILET-IN-3-BHK-FLAT-IN-AN-APPT.-ON-2ND-FLOOR.jpg]
[dasta.in/wp-content/uploads/2015/08/Dasta_Pan_Jan_11-IN-3-BHK-FLAT-CHB-TOILET-SHOWER-AREA-IN-AN-APPT.-ON-2ND-FLOOR.jpg]
[dasta.in/wp-content/uploads/2015/08/Dasta_Pan_Jan_13-FINISHED-BED-ROOM-DOORS-IN-3-BHK-APPT.-ON-2ND-FLOOR.jpg]
[dasta.in/wp-content/uploads/2015/08/Dasta_Pan_Jan_14-FINISHED-WOODEN-FLOORING-IN-MBR-IN-AN-APPT.-ON-2ND-FLOOR1.jpg]
[dasta.in/wp-content/uploads/2015/08/Dasta_Pan_Jan_16-FIXED-UPVC-SLIDING-DOOR-IN-LIVING-AREA-IN-AN-APPT.-ON-2ND-FLOOR.jpg]
[dasta.in/july-2015-report/feed/index.html]
[dasta.in/wp-content/uploads/2015/08/DastaConcerto_Jully_29_MG_1796-5TH-FLOOR-TOILET-FLOOR-WORK-IS-IN-PROGRESS.jpg]
[dasta.in/wp-content/uploads/2015/08/DastaConcerto_Jully_29_MG_1809-12TH-FLOOR-BLOCK-WORK-IS-IN-PROGRESS.jpg]
[dasta.in/wp-content/uploads/2015/08/DastaConcerto_Jully_29_MG_1821-EASTERN-STAIR-CASE-HEAD-ROOM-LIFT-MACHINE-ROOM-SHUTTERING-WORK-IS-IN-PROGRESS.jpg]
[dasta.in/wp-content/uploads/2015/08/DastaConcerto_Jully_29_MG_1822-WESTERN-STAIR-CASE-HEAD-ROOM-LIFT-MACHINE-ROOM-SHUTTERING-WORK-IS-IN-PROGRESS.jpg]
[dasta.in/wp-content/uploads/2015/08/DastaConcerto_Jully_29_MG_1824-ELEVATION-COLUMN-BEAM-WORK-IN-PROGRESS-TOWARDS-NORTH-SIDE.jpg]
[dasta.in/wp-content/uploads/2015/08/DastaConcerto_Jully_29_MG_1834-15-PAX-LIFT-PIT-IS-PLASTERED-UPTO-12TH-FLOOR.jpg]
[dasta.in/wp-content/uploads/2015/08/DastaConcerto_Jully_29_MG_1840-DOUBLE-HEIGT-LOBY-AREA-PLASTERING-WORK-COMPLETED.jpg]
[dasta.in/wp-content/uploads/2015/08/DastaConcerto_Jully_29_MG_1847-BASEMENT-SANITARY-WORK-IS-IN-PROGRESS.jpg]
[dasta.in/wp-content/uploads/2015/08/DastaConcerto_Jully_29_MG_1849-SOUTH-SIDE-COMPOUND-WALL-WORK-IS-IN-PROGRESS.jpg]
[dasta.in/wp-content/uploads/2015/08/DastaConcerto_Jully_29_MG_1753-NORTH-SIDE-COMPOUND-WALL-WORK-IS-IN-PROGRESS.jpg]
[dasta.in/wp-content/uploads/2015/08/DastaConcerto_Jully_29_MG_1725-SOUTH-SIDE-EXTERNAL-PLASTERING-WORK-IS-IN-PROGRESS.jpg]
[dasta.in/july-2015-report/index.html]
[dasta.in/wp-json/oembed/1.0/embed7984.json]
[dasta.in/wp-json/oembed/1.0/embed3dc0]
[dasta.in/wp-content/uploads/2015/07/Jul2015_progress_scale-900x900.jpg]
[dasta.in/wp-content/uploads/2015/07/past-comparison-June.jpg]
[dasta.in/wp-content/uploads/2015/07/NORTH-FACADE-OF-THE-BUILDING.jpg]
[dasta.in/wp-content/uploads/2015/07/SOUTH-EAST-ELEVATION-OF-THE-BUILDING.jpg]
[dasta.in/wp-content/uploads/2015/07/EAST-FACADE-OF-THE-BUILDING.jpg]
[dasta.in/june-2015-report-2/feed/index.html]
[dasta.in/wp-content/uploads/2015/07/NORTHEAST-ELEVATION-OF-THE-BUILDING.jpg]
[dasta.in/wp-content/uploads/2015/07/SOUTH-WEST-ELEVATION-OF-THE-BUILDING.jpg]
[dasta.in/wp-content/uploads/2015/07/12TH-FLOOR-BLOCK-WORK-IN-PROGRESS.jpg]
[dasta.in/wp-content/uploads/2015/07/14TH-FLOOR-ROOF-SLAB-SHUTTERING-WORK-IN-PROGRESS.jpg]
[dasta.in/wp-content/uploads/2015/07/BALCONY-JALLI-FROM-INSIDE-THE-FLAT.jpg]
[dasta.in/wp-content/uploads/2015/07/CHB-AFTER-TILE-WORK-IN-AN-APPT.-ON-2ND-FLOOR.jpg]
[dasta.in/wp-content/uploads/2015/07/CORRIDOR-AFTER-CEMENT-PLASTER.jpg]
[dasta.in/wp-content/uploads/2015/07/FINISHED-MASTER-BED-ROOM-TOILET-TILING-GRID-CEILING-IN-AN-APPT.-ON-2ND-FLOOR.jpg]
[dasta.in/wp-content/uploads/2015/07/FIXED-MAIN-DOOR-IN-AN-APPT.-ON-2ND-FLOOR.jpg]
[dasta.in/wp-content/uploads/2015/07/GUEST-BED-ROOM-AFTER-TILE-WORK-IN-AN-APPT.-ON-2ND-FLOOR.jpg]
[dasta.in/wp-content/uploads/2015/07/LIVING-AREA-AFTER-FLOOR-TILE-WORK.jpg]
[dasta.in/wp-content/uploads/2015/07/LIVING-AREA-AFTER-TILE-WORK-IN-AN-APPT.-ON-2ND-FLOOR.jpg]
[dasta.in/wp-content/uploads/2015/07/MASTER-BED-ROOM-AFTER-WOODEN-FLOORING-IN-AN-APPT.-ON-2ND-FLOOR.jpg]
[dasta.in/wp-content/uploads/2015/07/PASSAGE-TOWARDS-CHB-GUEST-BED-ROOM-AFTER-TILE-WORK-IN-AN-APPT.-ON-2ND-FLOOR.jpg]
[dasta.in/wp-content/uploads/2015/07/RAMP-TOWARDS-CLUB-HOUSE-BASEMENT.jpg]
[dasta.in/wp-content/uploads/2015/07/TOP-VIEW-OF-CLUB-HOUSE-SWIMMING-POOL1.jpg]
[dasta.in/june-2015-report-2/index.html]
[dasta.in/category/construction-update/page/1/index.html]
[dasta.in/indexe43f.html]
[dasta.in/index667a.html]
[dasta.in/index0895.html]
[dasta.in/index5440.html]
[dasta.in/indexbee0.html]
[dasta.in/index6808.html]
[dasta.in/index9a56.html]
[dasta.in/indexb886.html]
[dasta.in/index74cf.html]
[dasta.in/index3486.html]
[dasta.in/wp-json/oembed/1.0/embed921e.json]
[dasta.in/march-2015-report/feed/index.html]
[dasta.in/wp-json/oembed/1.0/embed45ed]
[dasta.in/wp-content/uploads/2015/04/mar2015_progress_scale-900x900.jpg]
[dasta.in/wp-content/uploads/2015/04/past-comparison-Mar.jpg]
[dasta.in/wp-content/uploads/2015/03/feb2015_East-Elevation-of-Building.jpg]
[dasta.in/wp-content/uploads/2015/04/Mar2015_Building-Elevations_South1.jpg]
[dasta.in/wp-content/uploads/2015/04/Mar2015_Building-Elevations_North.jpg]
[dasta.in/wp-content/uploads/2015/04/Mar2015_Building-Elevations-_-NorthEast.jpg]
[dasta.in/wp-content/uploads/2015/04/mar2015_Top-view-of-Club-house-area.jpg]
[dasta.in/wp-content/uploads/2015/04/Mar2015_Mockup_External-Plastering.jpg]
[dasta.in/wp-content/uploads/2015/04/Mar2015_Plumbing-works-_11.jpg]
[dasta.in/wp-content/uploads/2015/04/Mar2015_Plumbing-Works-_-2.jpg]
[dasta.in/wp-content/uploads/2015/04/Internal-Passage-area-works-_-1.jpg]
[dasta.in/wp-content/uploads/2015/04/Internal-Passage-area-works-_-2.jpg]
[dasta.in/wp-content/uploads/2015/04/Staircase-Plastering-in-progress.jpg]
[dasta.in/wp-content/uploads/2015/04/Typical-Block-work.jpg]
[dasta.in/wp-content/uploads/2015/04/Mar2015_Top-View-of-STP-area.jpg]
[dasta.in/wp-content/uploads/2015/04/Mar2015_Typical-Flat-works-in-Progress_1.jpg]
[dasta.in/wp-content/uploads/2015/04/Mar2015_Typical-Flat-works-in-Progress_2.jpg]
[dasta.in/wp-content/uploads/2015/04/Mar2015_Typical-Flat-works-in-Progress_4.jpg]
[dasta.in/wp-content/uploads/2015/04/Mar2015_Typical-Flat-works-in-Progress_6.jpg]
[dasta.in/wp-content/uploads/2015/04/Mar2015_Typical-Flat-works-in-Progress_7.jpg]
[dasta.in/march-2015-report/index.html]
[dasta.in/wp-json/oembed/1.0/embed0b01.json]
[dasta.in/wp-json/oembed/1.0/embed8585]
[dasta.in/wp-content/uploads/2015/03/feb2015_progress_scale-900x900.jpg]
[dasta.in/wp-content/uploads/2015/03/feb2015_sw_view.jpg]
[dasta.in/wp-content/uploads/2015/03/octdecfeb20151.jpg]
[dasta.in/wp-content/uploads/2015/03/feb2015_External-View-of-Flat-Series-2-3-4.jpg]
[dasta.in/wp-content/uploads/2015/03/feb2015_North-Elevation-of-Building.jpg]
[dasta.in/wp-content/uploads/2015/03/feb2015_Safety-net-and-Scaffolding-for-External-plastering.jpg]
[dasta.in/feb-2015-report/feed/index.html]
[dasta.in/wp-content/uploads/2015/03/feb2015_South-East-Corner-Exit-Ramp-shuttering-works.jpg]
[dasta.in/wp-content/uploads/2015/03/feb2015_Top-view-of-Club-house-area.jpg]
[dasta.in/wp-content/uploads/2015/03/feb2015_Basement-Sub-Soil-Preparation-Works.jpg]
[dasta.in/wp-content/uploads/2015/03/feb2015_Fire-Fighting-works-in-Basement.jpg]
[dasta.in/wp-content/uploads/2015/03/feb2015_Living-and-Dining-POP-works-in-progress.jpg]
[dasta.in/wp-content/uploads/2015/03/feb2015_Passage-Plastering-in-Progress.jpg]
[dasta.in/wp-content/uploads/2015/03/feb2015_Room-Punning-works-in-Progress.jpg]
[dasta.in/wp-content/uploads/2015/03/feb2015_Corridor-area-Block-works-at-9th-floor.jpg]
[dasta.in/wp-content/uploads/2015/03/feb2015_9th-floor-Block-works.jpg]
[dasta.in/wp-content/uploads/2015/03/feb2015_Kitchen-area-Electrical-and-Plumbing-works.jpg]
[dasta.in/wp-content/uploads/2015/03/feb2015_Plumbing-works-in-Progress.jpg]
[dasta.in/feb-2015-report/index.html]
[dasta.in/wp-json/oembed/1.0/embed98c0.json]
[dasta.in/wp-json/oembed/1.0/embedf6bf]
[dasta.in/wp-content/uploads/2015/02/Jan2015_Dasta_Pan-900x900.jpg]
[dasta.in/wp-content/uploads/2015/02/View-from-South-East-Corner.jpg]
[dasta.in/wp-content/uploads/2015/02/Jan2015_comparision.jpg]
[dasta.in/wp-content/uploads/2015/02/Jan2015_Club-House-Foundation-works-in-progress.jpg]
[dasta.in/wp-content/uploads/2015/02/Jan2015_Block-work-along-North-facade.jpg]
[dasta.in/wp-content/uploads/2015/02/Jan2015_Southern-Facade-Block-work-in-progress.jpg]
[dasta.in/wp-content/uploads/2015/02/Jan2015_Electrical-Conduit-works-in-progress.jpg]
[dasta.in/wp-content/uploads/2015/02/Jan2015_Staircase-work-in-Progress.jpg]
[dasta.in/wp-content/uploads/2015/02/Jan2015_Top-view-of-Pool-and-Club-house-area.jpg]
[dasta.in/jan-2015-report/feed/index.html]
[dasta.in/wp-content/uploads/2015/02/Jan2015_View-from-North-East-Corner.jpg]
[dasta.in/wp-content/uploads/2015/02/Jan2015_View-of-Block-work-in-progress.jpg]
[dasta.in/wp-content/uploads/2015/02/Jan2015_Block-work-at-8th-floor.jpg]
[dasta.in/wp-content/uploads/2015/02/Jan2015_View-of-Safety-Net.jpg]
[dasta.in/wp-content/uploads/2015/02/Jan2015_View-from-South-West-Corner.jpg]
[dasta.in/jan-2015-report/index.html]
[dasta.in/wp-json/oembed/1.0/embedd988.json]
[dasta.in/wp-json/oembed/1.0/embedf16b]
[dasta.in/wp-content/uploads/2015/01/Dasta_Pan_Web_jan-13-900x900.jpg]
[dasta.in/wp-content/uploads/2015/01/Dasta_Concerto13.01.15_25_web.jpg]
[dasta.in/wp-content/uploads/2015/01/Dasta_Concerto13.01.15_25_web-1024x975.jpg]
[dasta.in/wp-content/uploads/2015/01/Past-comparison-Jan-2014.jpg]
[dasta.in/dec-2014-report-2/feed/index.html]
[dasta.in/wp-content/uploads/2015/01/Dasta_Concerto13.01.15_28.jpg]
[dasta.in/wp-content/uploads/2015/01/Dasta_Concerto13.01.15_28-1024x682.jpg]
[dasta.in/wp-content/uploads/2015/01/Dasta_Concerto13.01.15_27.jpg]
[dasta.in/wp-content/uploads/2015/01/Dasta_Concerto13.01.15_27-969x1024.jpg]
[dasta.in/wp-content/uploads/2015/01/Dasta_Concerto13.01.15_26.jpg]
[dasta.in/wp-content/uploads/2015/01/Dasta_Concerto13.01.15_26-908x1024.jpg]
[dasta.in/wp-content/uploads/2015/01/Dasta_Concerto13.01.15_24.jpg]
[dasta.in/wp-content/uploads/2015/01/Dasta_Concerto13.01.15_24-1024x682.jpg]
[dasta.in/wp-content/uploads/2015/01/Dasta_Concerto13.01.15_23.jpg]
[dasta.in/wp-content/uploads/2015/01/Dasta_Concerto13.01.15_23-1024x682.jpg]
[dasta.in/wp-content/uploads/2015/01/Dasta_Concerto13.01.15_21.jpg]
[dasta.in/wp-content/uploads/2015/01/Dasta_Concerto13.01.15_21-1024x682.jpg]
[dasta.in/wp-content/uploads/2015/01/Dasta_Concerto13.01.15_18.jpg]
[dasta.in/wp-content/uploads/2015/01/Dasta_Concerto13.01.15_18-1024x682.jpg]
[dasta.in/wp-content/uploads/2015/01/Dasta_Concerto13.01.15_17.jpg]
[dasta.in/wp-content/uploads/2015/01/Dasta_Concerto13.01.15_17-1024x682.jpg]
[dasta.in/wp-content/uploads/2015/01/Dasta_Concerto13.01.15_13.jpg]
[dasta.in/wp-content/uploads/2015/01/Dasta_Concerto13.01.15_13-1024x682.jpg]
[dasta.in/wp-content/uploads/2015/01/Dasta_Concerto13.01.15_12.jpg]
[dasta.in/wp-content/uploads/2015/01/Dasta_Concerto13.01.15_12-1024x682.jpg]
[dasta.in/wp-content/uploads/2015/01/Dasta_Concerto13.01.15_7.jpg]
[dasta.in/wp-content/uploads/2015/01/Dasta_Concerto13.01.15_7-1024x682.jpg]
[dasta.in/wp-content/uploads/2015/01/Dasta_Concerto13.01.15_6.jpg]
[dasta.in/wp-content/uploads/2015/01/Dasta_Concerto13.01.15_6-1024x682.jpg]
[dasta.in/wp-content/uploads/2015/01/Dasta_Concerto13.01.15_5.jpg]
[dasta.in/wp-content/uploads/2015/01/Dasta_Concerto13.01.15_5-1024x682.jpg]
[dasta.in/wp-content/uploads/2015/01/Dasta_Concerto13.01.15_2.jpg]
[dasta.in/wp-content/uploads/2015/01/Dasta_Concerto13.01.15_2-1024x682.jpg]
[dasta.in/dec-2014-report-2/index.html]
[dasta.in/wp-json/oembed/1.0/embed6bd3.json]
[dasta.in/wp-json/oembed/1.0/embed2560]
[dasta.in/wp-content/uploads/2014/12/Dasta_Icon_Dec01-900x900.jpg]
[dasta.in/wp-content/uploads/2014/12/Progress_Web_Dec01.jpg]
[dasta.in/8th-slab-update/index.html]
[dasta.in/8th-slab-update/feed/index.html]
[dasta.in/wp-json/oembed/1.0/embed84e7.json]
[dasta.in/wp-json/oembed/1.0/embed239d]
[dasta.in/nov-2014-report/feed/index.html]
[dasta.in/wp-content/uploads/2014/12/Nov14_Pan_1024x1024-900x900.jpg]
[dasta.in/wp-content/uploads/2014/12/Nov14_Update_IMG01.jpg]
[dasta.in/wp-content/uploads/2014/12/Nov14_Update_IMG111.jpg]
[dasta.in/wp-content/uploads/2014/12/Nov14_Update_IMG02.jpg]
[dasta.in/wp-content/uploads/2014/12/Nov14_Update_IMG04.jpg]
[dasta.in/wp-content/uploads/2014/12/Nov14_Update_IMG05.jpg]
[dasta.in/wp-content/uploads/2014/12/Nov14_Update_IMG06.jpg]
[dasta.in/wp-content/uploads/2014/12/Nov14_Update_IMG07.jpg]
[dasta.in/wp-content/uploads/2014/11/Nov14_Update_IMG18.jpg]
[dasta.in/wp-content/uploads/2014/12/Nov14_Update_IMG08.jpg]
[dasta.in/wp-content/uploads/2014/12/Nov14_Update_IMG09.jpg]
[dasta.in/wp-content/uploads/2014/12/Nov14_Update_IMG13.jpg]
[dasta.in/wp-content/uploads/2014/12/Nov14_Update_IMG14.jpg]
[dasta.in/wp-content/uploads/2014/12/Nov14_Update_IMG15.jpg]
[dasta.in/wp-content/uploads/2014/12/Nov14_Update_IMG16.jpg]
[dasta.in/wp-content/uploads/2014/12/Nov14_Update_IMG17.jpg]
[dasta.in/nov-2014-report/index.html]
[dasta.in/wp-json/oembed/1.0/embedfbca.json]
[dasta.in/wp-json/oembed/1.0/embed9d91]
[dasta.in/wp-content/uploads/2014/10/Oct14_Pan_1024x1024-900x900.jpg]
[dasta.in/wp-content/uploads/2014/10/Oct14_Update_IMG011.jpg]
[dasta.in/construction-update-oct-2014/feed/index.html]
[dasta.in/wp-content/uploads/2014/10/Oct14_Update_IMG05-1.jpg]
[dasta.in/wp-content/uploads/2014/10/Oct14_Update_IMG02.jpg]
[dasta.in/wp-content/uploads/2014/10/Oct14_Update_IMG03.jpg]
[dasta.in/wp-content/uploads/2014/10/Oct14_Update_IMG04.jpg]
[dasta.in/wp-content/uploads/2014/10/Oct14_Update_IMG06.jpg]
[dasta.in/construction-update-oct-2014/index.html]
[dasta.in/index7064.html]
[dasta.in/engineering/index.html]
[dasta.in/index0b69.html]
[dasta.in/index2df4.html]
[dasta.in/news/page/2/index.html]
[dasta.in/news/page/3/index.html]
[dasta.in/news/page/4/index.html]
[dasta.in/wp-content/uploads/2014/10/model_apt_05-456x256.jpg]
[dasta.in/news/page/5/index.html]
[dasta.in/indexb067.html]
[dasta.in/indexf7f0.html]
[dasta.in/index9026.html]
[dasta.in/index1355.html]
[dasta.in/index5f35.html]
[dasta.in/index5d1d.html]
[dasta.in/indexd988.html]
[dasta.in/indexae5b.html]
[dasta.in/sept-2015-report/index.html]
[dasta.in/index674b.html]
[dasta.in/index5d2a.html]
[dasta.in/indexe47c.html]
[dasta.in/index022a.html]
[dasta.in/index991f.html]
[dasta.in/index8ba5.html]
[dasta.in/index2f60.html]
[dasta.in/index4548.html]
[dasta.in/index29be.html]
[dasta.in/news/page/1/index.html]
[dasta.in/wp-content/uploads/2015/04/glass-of-water-16x9-web-456x257.jpg]
[dasta.in/news/page/4/index.html]
[www.googletagmanager.com/gtm5445.html]
[dasta.in/wp-json/index.html]
[dasta.in/wp-content/themes/dasta/images/water/water_to_6699cc_1200x650.jpg]
[dasta.in/wp-content/themes/dasta/images/v2/thumbnails/building-ad-thumb.jpg]
[dasta.in/wp-content/themes/dasta/images/v2/thumbnails/water1-ad-thumb.jpg]
[dasta.in/wp-content/themes/dasta/images/v2/thumbnails/water2-ad-thumb.jpg]
[dasta.in/wp-content/themes/dasta/images/v2/thumbnails/pricing-ad-thumb.jpg]
[dasta.in/wp-content/themes/dasta/images/v2/thumbnails/construction-ad-thumb.jpg]
[res.cloudinary.com/dasta/image/upload/exterior/building-day-hero-s.jpg]
[res.cloudinary.com/dasta/image/upload/exterior/building-day-hero-px.jpg]
[res.cloudinary.com/dasta/image/upload/exterior/building-night-hero-s.jpg]
[res.cloudinary.com/dasta/image/upload/exterior/building-night-hero-px.jpg]
[res.cloudinary.com/dasta/image/upload/exterior/building-day-hero.jpg]
[res.cloudinary.com/dasta/image/upload/exterior/building-night-hero.jpg]
[dasta.in/wp-content/themes/dasta/images/v2/construction-timelapse5e1f.gif]
[res.cloudinary.com/dasta/image/upload/panorama-s.jpg]
[res.cloudinary.com/dasta/image/upload/panorama-px.jpg]
[res.cloudinary.com/dasta/image/upload/panorama.jpg]
[res.cloudinary.com/dasta/image/upload/exterior/jali-s.jpg]
[res.cloudinary.com/dasta/image/upload/exterior/jali-px.jpg]
[res.cloudinary.com/dasta/image/upload/exterior/jali.jpg]
[res.cloudinary.com/dasta/image/upload/exterior/grounds-s.jpg]
[res.cloudinary.com/dasta/image/upload/exterior/grounds.jpg]
[res.cloudinary.com/dasta/image/upload/interior/clubhouse-s.jpg]
[res.cloudinary.com/dasta/image/upload/interior/clubhouse.jpg]
[res.cloudinary.com/dasta/image/upload/interior/lobby-s.jpg]
[res.cloudinary.com/dasta/image/upload/interior/lobby-px.jpg]
[res.cloudinary.com/dasta/image/upload/interior/lobby.jpg]
[res.cloudinary.com/dasta/image/upload/exterior/basement-s.jpg]
[res.cloudinary.com/dasta/image/upload/exterior/basement.jpg]
[res.cloudinary.com/dasta/image/upload/drawings/basement-s.jpg]
[res.cloudinary.com/dasta/image/upload/drawings/basement.jpg]
[res.cloudinary.com/dasta/image/upload/interior/swimming-pool-s.jpg]
[res.cloudinary.com/dasta/image/upload/interior/swimming-pool-px.jpg]
[res.cloudinary.com/dasta/image/upload/interior/swimming-pool.jpg]
[dasta.in/wp-content/themes/dasta/images/v2/download-brochure-bg.jpg]
[dasta.in/wp-content/themes/dasta/images/v2/detailed-quote-bg.jpg]
[dasta.in/wp-content/themes/dasta/stylesheets/app2dac.css]
[dasta.in/wp-content/themes/dasta/stylesheets/watertable.css]
[dasta.in/wp-content/themes/dasta/stylesheets/cd-carousel.css]
[dasta.in/wp-content/plugins/wordpress-social-login/assets/css/style6959.css]
[dasta.in/about/feed/index.html]
[dasta.in/category/construction-update/feed/index.html]
[dasta.in/pricing/feed/index.html]
[use.typekit.net/af/491586/00000000000000003b9b1e2d/27/l3eab]
[use.typekit.net/af/491586/00000000000000003b9b1e2d/27/d3eab]
[use.typekit.net/af/491586/00000000000000003b9b1e2d/27/a3eab]
[use.typekit.net/af/9baf4a/00000000000000003b9b1e2f/27/l652f]
[use.typekit.net/af/9baf4a/00000000000000003b9b1e2f/27/d652f]
[use.typekit.net/af/9baf4a/00000000000000003b9b1e2f/27/a652f]
[use.typekit.net/af/da3604/00000000000000003b9b1e2c/27/l6129]
[use.typekit.net/af/da3604/00000000000000003b9b1e2c/27/d6129]
[dasta.in/wp-content/themes/dasta/js/vendor/SheetJS/xlsx-core-v0.12.4.min.js]
[use.typekit.net/af/da3604/00000000000000003b9b1e2c/27/a6129]
[use.typekit.net/af/a03e49/00000000000000003b9b1e2e/27/le003]
[dasta.in/faqs-about-water-management/feed/index.html]
[use.typekit.net/af/a03e49/00000000000000003b9b1e2e/27/de003]
[use.typekit.net/af/74e34d/00000000000000003b9b1e30/27/l7238]
[use.typekit.net/af/a03e49/00000000000000003b9b1e2e/27/ae003]
[use.typekit.net/af/74e34d/00000000000000003b9b1e30/27/d7238]
[use.typekit.net/reb5sdy.css]
[use.typekit.net/af/74e34d/00000000000000003b9b1e30/27/a7238]
[dasta.in/august-2017-report/feed/index.html]
[dasta.in/wp-content/themes/dasta/images/calendar_icon_dark.svg]
[dasta.in/wp-content/themes/dasta/images/v2/icons/down-light.svg]
[dasta.in/wp-content/themes/dasta/images/water/borewell.svg]
[dasta.in/wp-content/themes/dasta/images/water/tanker.svg]
[dasta.in/wp-content/themes/dasta/images/water/rainwater.svg]
[dasta.in/wp-content/themes/dasta/images/water/watertable/icon-plus.svg]
[dasta.in/index42dc.html]
[dasta.in/category/construction-update/page/2/index.html]
[dasta.in/august-2017-report/index.html]
[dasta.in/july-2017-report/index.html]
[dasta.in/may-2017-report/index.html]
[dasta.in/july-2017-report/feed/index.html]
[dasta.in/april-2017-report/index.html]
[dasta.in/march-2017-report/index.html]
[dasta.in/february-2017-report/index.html]
[dasta.in/may-2017-report/feed/index.html]
[dasta.in/january-2017-report/index.html]
[dasta.in/november-2016-report/index.html]
[dasta.in/october-2016-report/index.html]
[dasta.in/september-2016-report/index.html]
[dasta.in/category/construction-update/page/3/index.html]
[dasta.in/get-a-feel-of-the-apartment/index.html]
[dasta.in/april-2017-report/feed/index.html]
[dasta.in/engineering/index87ac.html]
[dasta.in/wp-content/themes/dasta/stylesheets/4_helper.css]
[dasta.in/march-2017-report/feed/index.html]
[dasta.in/wp-content/themes/dasta/stylesheets/pricing-1.css]
[dasta.in/wp-content/themes/dasta/images/pricing/floorplan-base-g-mobile.png]
[dasta.in/wp-content/themes/dasta/images/pricing/floorplan-base-f-mobile.png]
[dasta.in/wp-content/themes/dasta/images/pricing/floorplan-base-t-mobile.png]
[dasta.in/wp-content/themes/dasta/images/pricing/floorplan-base-p-mobile.png]
[dasta.in/wp-content/themes/dasta/images/pricing/floorplan-base-g.png]
[dasta.in/wp-content/themes/dasta/images/pricing/floorplan-base-f.png]
[dasta.in/wp-content/themes/dasta/images/pricing/floorplan-base-t.png]
[dasta.in/wp-content/themes/dasta/images/pricing/floorplan-base-p.png]
[dasta.in/wp-content/themes/dasta/stylesheets/pricing-2c470.css]
[dasta.in/index0e62.html]
[dasta.in/wp-content/themes/dasta/images/icons/close.svg]
[dasta.in/indexf741.html]
[dasta.in/february-2017-report/feed/index.html]
[dasta.in/indexba45.html]
[dasta.in/wp-content/themes/dasta/images/play_icon_dark.svg]
[dasta.in/january-2017-report/feed/index.html]
[dasta.in/news/index.html]
[dasta.in/june-2016-report/index.html]
[dasta.in/may-2016-report/index.html]
[dasta.in/april-2016-report/index.html]
[dasta.in/march-2016-report/index.html]
[dasta.in/november-2016-report/feed/index.html]
[dasta.in/january-2016-report/index.html]
[dasta.in/dec-2015-report/index.html]
[dasta.in/oct-2015-report/index.html]
[dasta.in/july-2015-report/index.html]
[dasta.in/june-2015-report-2/index.html]
[dasta.in/category/construction-update/page/1/index.html]
[dasta.in/october-2016-report/feed/index.html]
[dasta.in/indexe43f.html]
[dasta.in/index667a.html]
[dasta.in/index0895.html]
[dasta.in/index5440.html]
[dasta.in/indexbee0.html]
[dasta.in/index6808.html]
[dasta.in/index9a56.html]
[dasta.in/indexb886.html]
[dasta.in/september-2016-report/feed/index.html]
[dasta.in/index74cf.html]
[dasta.in/index3486.html]
[dasta.in/march-2015-report/index.html]
[dasta.in/feb-2015-report/index.html]
[dasta.in/get-a-feel-of-the-apartment/feed/index.html]
[dasta.in/jan-2015-report/index.html]
[dasta.in/dec-2014-report-2/index.html]
[dasta.in/8th-slab-update/index.html]
[dasta.in/nov-2014-report/index.html]
[dasta.in/engineering/feed/index.html]
[dasta.in/wp-json/oembed/1.0/embedd3fe.json]
[dasta.in/construction-update-oct-2014/index.html]
[dasta.in/index7064.html]
[dasta.in/news/feed/index.html]
[dasta.in/engineering/index.html]
[dasta.in/index0b69.html]
[dasta.in/index2df4.html]
[dasta.in/july-2016-report/feed/index.html]
[dasta.in/news/page/2/index.html]
[dasta.in/indexb067.html]
[dasta.in/indexf7f0.html]
[dasta.in/index9026.html]
[dasta.in/wp-json/oembed/1.0/embedb83a.json]
[dasta.in/index1355.html]
[dasta.in/index5f35.html]
[dasta.in/index5d1d.html]
[dasta.in/wp-content/uploads/2016/02/past-comparison.html]
[dasta.in/indexd988.html]
[dasta.in/indexae5b.html]
[dasta.in/sept-2015-report/index.html]
[dasta.in/index674b.html]
[dasta.in/index5d2a.html]
[dasta.in/indexe47c.html]
[dasta.in/index022a.html]
[dasta.in/index991f.html]
[dasta.in/index8ba5.html]
[dasta.in/index2f60.html]
[dasta.in/index4548.html]
[dasta.in/index29be.html]
[dasta.in/news/page/1/index.html]
[dasta.in/wp-content/themes/dasta/stylesheets/grabbing.html]
[dasta.in/wp-content/themes/dasta/stylesheets/AjaxLoader.html]
[dasta.in/xmlrpc0db0.php]
[dasta.in/wp-content/themes/dasta/images/water/watertable/select-arrows.svg]
[dasta.in/wp-content/themes/dasta/images/building/carousel/cd-icon-arrows.svg]
[use.typekit.net/af/491586/00000000000000003b9b1e2d/27/l3eab]
[use.typekit.net/af/491586/00000000000000003b9b1e2d/27/d3eab]
[p.typekit.net/p926c.css]
[dasta.in/wp-content/themes/dasta/index.html]
[dasta.in/wp-content/themes/img/loadingbar.html]
[dasta.in/wp-json/oembed/1.0/embed14a2]
[dasta.in/wp-content/themes/dasta/index.html]
