[useplink.com/en/index.html]
[backblue.gif]
[fade.gif]
[index.html]
[useplink.com/assets/images/frontpage/favicon/favicon-32x32.png]
[useplink.com/assets/images/frontpage/favicon/favicon-64x64.png]
[useplink.com/assets/images/frontpage/favicon/favicon-180x180.png]
[useplink.com/assets/images/frontpage/share.png]
[useplink.com/assets/frontpage.css]
[useplink.com/de/index.html]
[useplink.com/en/faq.html]
[useplink.com/nl/index.html]
[useplink.com/fr/index.html]
[useplink.com/assets/images/frontpage/plink_hp_qr.png]
[useplink.com/assets/images/frontpage/payment-methods_copy_2_2x.png]
[useplink.com/assets/js/vendor.js]
[useplink.com/assets/js/main.js]
[www.google-analytics.com/analytics.js]
[useplink.com/en/index.html]
[useplink.com/nl/index.html]
[useplink.com/nl/faq.html]
[useplink.com/de/index.html]
[useplink.com/de/faq.html]
[useplink.com/fr/index.html]
[useplink.com/fr/faq.html]
[useplink.com/en/faq.html]
[useplink.com/nl/faq.html]
[useplink.com/de/faq.html]
[useplink.com/fr/faq.html]
[useplink.com/assets/js/main.js]
[useplink.com/assets/js/vendor.js]
[useplink.com/assets/images/frontpage/share.png]
[useplink.com/assets/images/frontpage/payment-methods_copy_2_2x.png]
[useplink.com/assets/fonts/CircularPro-Book.fcea822f.woff2]
[useplink.com/assets/fonts/CircularPro-Book.588eb6b1.woff]
[useplink.com/assets/fonts/CircularPro-Medium.6d9ac4df.woff2]
[useplink.com/assets/fonts/CircularPro-Medium.03178f59.woff]
[useplink.com/assets/frontpage.css]
[useplink.com/nl/faq.html]
